[    9156ms] [WARNING] blank-canvas: cannot find sn-canvas-login inside sn-canvas-appshell-layout @ https://itsm.services.sap/uxab/nds-bundle.jsdbx?uxpcb=1786242735515&sysparm_use_cache_buster=true:1029
[    9188ms] [INFO] Slow network is detected. See https://www.chromestatus.com/feature/5636954674692096 for more details. Fallback font will be used while loading: https://itsm.services.sap/uxta/79aa856b771220104fdc5ed9991061a5.assetx @ https://itsm.services.sap/now/nav/ui/classic/params/target/%24pa_dashboard.do:0
[    9188ms] [INFO] Slow network is detected. See https://www.chromestatus.com/feature/5636954674692096 for more details. Fallback font will be used while loading: https://itsm.services.sap/uxta/fcba856b771220104fdc5ed9991061af.assetx @ https://itsm.services.sap/now/nav/ui/classic/params/target/%24pa_dashboard.do:0
[    9211ms] [LOG] [aiEngagementHandlerProxy] Queuing NOW_AI_CANVAS_FRAMEWORK_LAUNCH_WINDOW_MANAGER @ https://itsm.services.sap/uxab/shell-bundle.jsdbx?uxpcb=1786242735515&sysparm_use_cache_buster=true:414
[    9241ms] [LOG] Unknown setConfigValue id: enableTrace @ https://itsm.services.sap/uxab/ui-core-analytics-bundle.jsdbx?uxpcb=1786242735515&sysparm_use_cache_buster=true:31
[    9241ms] [LOG] Unknown setConfigValue id: legacy @ https://itsm.services.sap/uxab/ui-core-analytics-bundle.jsdbx?uxpcb=1786242735515&sysparm_use_cache_buster=true:31
[    9242ms] [WARNING] Need to call setKeys with a valid apiKey @ https://itsm.services.sap/uxab/ui-core-analytics-bundle.jsdbx?uxpcb=1786242735515&sysparm_use_cache_buster=true:31
[    9242ms] [WARNING] Need to call setKeys with a valid apiKey @ https://itsm.services.sap/uxab/ui-core-analytics-bundle.jsdbx?uxpcb=1786242735515&sysparm_use_cache_buster=true:31
[    9258ms] [INFO] UXF#WM_SCREEN_SELECTED {screenKey: classic, experienceId: a84adaf4c700201072b211d4d8c260b7, options: Object} @ https://itsm.services.sap/uxab/shell-bundle.jsdbx?uxpcb=1786242735515&sysparm_use_cache_buster=true:392
[    9259ms] [INFO] UXF#WM_SCREEN_SELECTED {screenKey: classic, experienceId: a84adaf4c700201072b211d4d8c260b7, options: Object} @ https://itsm.services.sap/uxab/shell-bundle.jsdbx?uxpcb=1786242735515&sysparm_use_cache_buster=true:392
[    9268ms] [LOG] Browser is Idle, loading script @ https://itsm.services.sap/now/nav/ui/classic/params/target/%24pa_dashboard.do:315
[    9473ms] [LOG] [aiEngagementHandlerProxy] Replaying 1 queued action(s) @ https://itsm.services.sap/uxab/shell-bundle.jsdbx?uxpcb=1786242735515&sysparm_use_cache_buster=true:414
[    9473ms] [INFO] Window manager already exists JSHandle@node @ https://itsm.services.sap/uxab/shell-bundle.jsdbx?uxpcb=1786242735515&sysparm_use_cache_buster=true:392
[    9474ms] TypeError: Cannot set properties of null (setting 'unifiedNavComponent')
    at Object.effect (https://itsm.services.sap/uxab/shell-bundle.jsdbx?uxpcb=1786242735515&sysparm_use_cache_buster=true:393:21150)
[    9526ms] [LOG] Unknown setConfigValue id: legacy @ https://itsm.services.sap/uxab/ui-core-analytics-bundle.jsdbx?uxpcb=1786242735515&sysparm_use_cache_buster=true:31
[    9526ms] [LOG] Unknown setConfigValue id: enableTrace @ https://itsm.services.sap/uxab/ui-core-analytics-bundle.jsdbx?uxpcb=1786242735515&sysparm_use_cache_buster=true:31
[   10096ms] [LOG] amb.ServerConnection [INFO] _initializeSubscriptionCommandSender: SubscriptionCommandSender is enabled @ https://itsm.services.sap/uxab/ui-core-bundle.jsdbx?uxpcb=1786242735515&sysparm_use_cache_buster=true:18
[   10264ms] [INFO] Window manager created JSHandle@node @ https://itsm.services.sap/uxab/shell-bundle.jsdbx?uxpcb=1786242735515&sysparm_use_cache_buster=true:392
[   10264ms] [INFO] Resetting isWindowManagerLoading flag @ https://itsm.services.sap/uxab/shell-bundle.jsdbx?uxpcb=1786242735515&sysparm_use_cache_buster=true:392
[   10266ms] [INFO] notify unified nav of window manager @ https://itsm.services.sap/uxab/shell-bundle.jsdbx?uxpcb=1786242735515&sysparm_use_cache_buster=true:375
[   10266ms] [INFO] sn-window-manager - started {properties: Object, state: Object} @ https://itsm.services.sap/uxab/shell-bundle.jsdbx?uxpcb=1786242735515&sysparm_use_cache_buster=true:375
[   10441ms] [LOG] amb.TransportManagement [INFO] Connected using transport websocket @ https://itsm.services.sap/uxab/ui-core-bundle.jsdbx?uxpcb=1786242735515&sysparm_use_cache_buster=true:18
[   10442ms] [LOG] amb.TransportManagement [INFO] Removed failed registry transports after connect: {} @ https://itsm.services.sap/uxab/ui-core-bundle.jsdbx?uxpcb=1786242735515&sysparm_use_cache_buster=true:18
[   11292ms] [LOG] /uxab/third-party-bundle-idle-load.jsdbx?uxpcb=1786242735515&sysparm_use_cache_buster=true loaded @ https://itsm.services.sap/now/nav/ui/classic/params/target/%24pa_dashboard.do:309
[   12152ms] [WARNING] The resource https://itsm.services.sap/uxasset/set-cache-buster/1786242735515.js was preloaded using link preload but not used within a few seconds from the window's load event. Please make sure it has an appropriate `as` value and it is preloaded intentionally. @ https://itsm.services.sap/now/nav/ui/classic/params/target/%24pa_dashboard.do:0
[   12737ms] [WARNING] sn-http-request: Unexpected end of JSON input response body parsing for Content-Type: undefined @ https://itsm.services.sap/uxab/uxf-bundle.jsdbx?uxpcb=1786242735515&sysparm_use_cache_buster=true:72
[   14797ms] [LOG] *** simpleStorageSynch, size: 0 @ https://itsm.services.sap/scripts/includes/js_includes_dashboards.jsx?v=07-05-2026_0129&lp=Fri_Aug_07_21_17_08_PDT_2026&c=17_334:888
[   15160ms] [LOG] [00:00:00.362] *** WARNING *** GlideAjax.getXMLWait - synchronous function - processor: SysMessageAjax @ https://itsm.services.sap/scripts/includes/js_includes_dashboards.jsx?v=07-05-2026_0129&lp=Fri_Aug_07_21_17_08_PDT_2026&c=17_334:888
[   15160ms] [LOG] %c *** WARNING *** GlideAjax.getXMLWait - synchronous function - processor: SysMessageAjax background: darkred; color: white; @ https://itsm.services.sap/scripts/includes/js_includes_dashboards.jsx?v=07-05-2026_0129&lp=Fri_Aug_07_21_17_08_PDT_2026&c=17_334:18085
[   15219ms] [INFO] Slow network is detected. See https://www.chromestatus.com/feature/5636954674692096 for more details. Fallback font will be used while loading: https://itsm.services.sap/styles/now_icons/now-icons.woff?1b83226fe70623e32efcda1aaf0a6462 @ https://itsm.services.sap/$pa_dashboard.do:0
[   15893ms] [INFO] Window manager already exists JSHandle@node @ https://itsm.services.sap/uxab/shell-bundle.jsdbx?uxpcb=1786242735515&sysparm_use_cache_buster=true:392
[   17087ms] [WARNING] getMessage (key="Open user's profile"): synchronous use not supported in Mobile or Service Portal unless message is already cached @ https://itsm.services.sap/scripts/includes/js_includes_dashboards_2.jsx?v=07-05-2026_0129&lp=Fri_Aug_07_21_17_08_PDT_2026&c=17_334:127
[   17119ms] [WARNING] The specified value "" does not conform to the required format.  The value must be a valid CSS color. @ https://itsm.services.sap/scripts/includes/js_includes_dashboards.jsx?v=07-05-2026_0129&lp=Fri_Aug_07_21_17_08_PDT_2026&c=17_334:1574
[   17134ms] [INFO] UXF#WM_SCREEN_SELECTED {screenKey: classic, experienceId: a84adaf4c700201072b211d4d8c260b7, options: Object} @ https://itsm.services.sap/uxab/shell-bundle.jsdbx?uxpcb=1786242735515&sysparm_use_cache_buster=true:392
[   18624ms] [LOG] Trying to render report on portal page: GCID-SCI Compute-Virtual @ :3
[   18646ms] [LOG] Report rendered in 23ms @ :23
[   18648ms] [LOG] Trying to render report on portal page: GCID-SCI Compute-Virtual @ :3
[   18655ms] [LOG] Report rendered in 8ms @ :23
[   18907ms] [LOG] running inline scripts, count: 0 @ https://itsm.services.sap/scripts/includes/js_includes_dashboards.jsx?v=07-05-2026_0129&lp=Fri_Aug_07_21_17_08_PDT_2026&c=17_334:888
[   18907ms] [LOG] runBeforeRender @ https://itsm.services.sap/scripts/includes/js_includes_dashboards.jsx?v=07-05-2026_0129&lp=Fri_Aug_07_21_17_08_PDT_2026&c=17_334:888
[   18908ms] [LOG] runAfterAllLoaded, functions: 4 @ https://itsm.services.sap/scripts/includes/js_includes_dashboards.jsx?v=07-05-2026_0129&lp=Fri_Aug_07_21_17_08_PDT_2026&c=17_334:888
[   18908ms] [LOG] late load functions: 3 @ https://itsm.services.sap/scripts/includes/js_includes_dashboards.jsx?v=07-05-2026_0129&lp=Fri_Aug_07_21_17_08_PDT_2026&c=17_334:888
[   18908ms] [LOG] [00:00:00.001] runAfterAllLoaded finished @ https://itsm.services.sap/scripts/includes/js_includes_dashboards.jsx?v=07-05-2026_0129&lp=Fri_Aug_07_21_17_08_PDT_2026&c=17_334:888
[   18940ms] [LOG] after page loaded starting @ https://itsm.services.sap/scripts/includes/js_includes_dashboards.jsx?v=07-05-2026_0129&lp=Fri_Aug_07_21_17_08_PDT_2026&c=17_334:888
[   18940ms] [LOG] [00:00:00.001] after page loaded complete, functions called: 3 @ https://itsm.services.sap/scripts/includes/js_includes_dashboards.jsx?v=07-05-2026_0129&lp=Fri_Aug_07_21_17_08_PDT_2026&c=17_334:888
[   24875ms] [WARNING] The resource https://itsm.services.sap/uxasset/set-cache-buster/1786242735515.js was preloaded using link preload but not used within a few seconds from the window's load event. Please make sure it has an appropriate `as` value and it is preloaded intentionally. @ https://itsm.services.sap/now/nav/ui/classic/params/target/%24pa_dashboard.do:0
[   27984ms] [WARNING] The resource https://itsm.services.sap/uxasset/set-cache-buster/1786242735515.js was preloaded using link preload but not used within a few seconds from the window's load event. Please make sure it has an appropriate `as` value and it is preloaded intentionally. @ https://itsm.services.sap/now/nav/ui/classic/params/target/%24pa_dashboard.do:0
[   43510ms] [WARNING] The resource https://itsm.services.sap/uxasset/set-cache-buster/1786242735515.js was preloaded using link preload but not used within a few seconds from the window's load event. Please make sure it has an appropriate `as` value and it is preloaded intentionally. @ https://itsm.services.sap/now/nav/ui/classic/params/target/%24pa_dashboard.do:0
[  809366ms] [LOG] amb.ServerConnection [ERROR] Connection broken @ https://itsm.services.sap/uxab/ui-core-bundle.jsdbx?uxpcb=1786242735515&sysparm_use_cache_buster=true:18
[  810992ms] [ERROR] WebSocket connection to 'wss://itsm.services.sap/amb' failed: Error in connection establishment: net::ERR_NAME_NOT_RESOLVED @ https://itsm.services.sap/uxab/ui-core-bundle.jsdbx?uxpcb=1786242735515&sysparm_use_cache_buster=true:18
[  818403ms] [LOG] amb.ServerConnection [INFO] _initializeSubscriptionCommandSender: SubscriptionCommandSender is enabled @ https://itsm.services.sap/uxab/ui-core-bundle.jsdbx?uxpcb=1786242735515&sysparm_use_cache_buster=true:18
[  818987ms] [LOG] amb.TransportManagement [INFO] Connected using transport websocket @ https://itsm.services.sap/uxab/ui-core-bundle.jsdbx?uxpcb=1786242735515&sysparm_use_cache_buster=true:18
[  818988ms] [LOG] amb.TransportManagement [INFO] Removed failed registry transports after connect: {} @ https://itsm.services.sap/uxab/ui-core-bundle.jsdbx?uxpcb=1786242735515&sysparm_use_cache_buster=true:18
[  825980ms] [WARNING] The resource https://itsm.services.sap/uxasset/set-cache-buster/1786242735515.js was preloaded using link preload but not used within a few seconds from the window's load event. Please make sure it has an appropriate `as` value and it is preloaded intentionally. @ https://itsm.services.sap/now/nav/ui/classic/params/target/%24pa_dashboard.do:0
[ 1509418ms] [LOG] amb.ServerConnection [ERROR] Connection broken @ https://itsm.services.sap/uxab/ui-core-bundle.jsdbx?uxpcb=1786242735515&sysparm_use_cache_buster=true:18
[ 1520425ms] [WARNING] WebSocket connection to 'wss://itsm.services.sap/amb' failed: WebSocket is closed before the connection is established. @ https://itsm.services.sap/uxab/ui-core-bundle.jsdbx?uxpcb=1786242735515&sysparm_use_cache_buster=true:18
[ 1529465ms] [LOG] amb.ServerConnection [INFO] _initializeSubscriptionCommandSender: SubscriptionCommandSender is enabled @ https://itsm.services.sap/uxab/ui-core-bundle.jsdbx?uxpcb=1786242735515&sysparm_use_cache_buster=true:18
[ 1532678ms] [LOG] amb.TransportManagement [INFO] Connected using transport websocket @ https://itsm.services.sap/uxab/ui-core-bundle.jsdbx?uxpcb=1786242735515&sysparm_use_cache_buster=true:18
[ 1532678ms] [LOG] amb.TransportManagement [INFO] Removed failed registry transports after connect: {} @ https://itsm.services.sap/uxab/ui-core-bundle.jsdbx?uxpcb=1786242735515&sysparm_use_cache_buster=true:18
[ 1540636ms] [WARNING] The resource https://itsm.services.sap/uxasset/set-cache-buster/1786242735515.js was preloaded using link preload but not used within a few seconds from the window's load event. Please make sure it has an appropriate `as` value and it is preloaded intentionally. @ https://itsm.services.sap/now/nav/ui/classic/params/target/%24pa_dashboard.do:0
[ 2073041ms] [WARNING] The resource https://itsm.services.sap/uxasset/set-cache-buster/1786242735515.js was preloaded using link preload but not used within a few seconds from the window's load event. Please make sure it has an appropriate `as` value and it is preloaded intentionally. @ https://itsm.services.sap/now/nav/ui/classic/params/target/%24pa_dashboard.do:0
[ 2163934ms] [WARNING] The resource https://itsm.services.sap/uxasset/set-cache-buster/1786242735515.js was preloaded using link preload but not used within a few seconds from the window's load event. Please make sure it has an appropriate `as` value and it is preloaded intentionally. @ https://itsm.services.sap/now/nav/ui/classic/params/target/%24pa_dashboard.do:0
