[    1252ms] [LOG] JQMIGRATE: Migrate is installed with logging active, version 3.4.0 @ https://wiki.one.int.sap/wiki/s/92d2c4742cba354172eb1affa02efacd-CDN/-23x24x/9116/n2r6gc/1bfa1eaa8b04ae6d4124fc3e33a6146f/_/download/contextbatch/js/_super/batch.js?locale=en-US:99
[    1253ms] [WARNING] Use of `window._` through AUI is deprecated and will be removed in AUI 10.0.0 @ https://wiki.one.int.sap/wiki/s/92d2c4742cba354172eb1affa02efacd-CDN/-23x24x/9116/n2r6gc/1bfa1eaa8b04ae6d4124fc3e33a6146f/_/download/contextbatch/js/_super/batch.js?locale=en-US:173
[    1255ms] [WARNING] DEPRECATED undefined - AJS.params has been deprecated since 9.0.0 and will be removed in 10.0.0.  
     at HTMLMetaElement.<anonymous> (https://wiki.one.int.sap/wiki/s/92d2c4742cba354172eb1affa02efacd-CDN/-23x24x/9116/n2r6gc/1bfa1eaa8b04ae6d4124fc3e33a6146f/_/download/contextbatch/js/_super/batch.js?locale=en-US:2852:304) @ https://wiki.one.int.sap/wiki/s/92d2c4742cba354172eb1affa02efacd-CDN/-23x24x/9116/n2r6gc/1bfa1eaa8b04ae6d4124fc3e33a6146f/_/download/contextbatch/js/_super/batch.js?locale=en-US:2576
[    1255ms] [WARNING] DEPRECATED undefined - AJS.params has been deprecated since 9.0.0 and will be removed in 10.0.0.  
     at HTMLMetaElement.<anonymous> (https://wiki.one.int.sap/wiki/s/92d2c4742cba354172eb1affa02efacd-CDN/-23x24x/9116/n2r6gc/1bfa1eaa8b04ae6d4124fc3e33a6146f/_/download/contextbatch/js/_super/batch.js?locale=en-US:2852:304) @ https://wiki.one.int.sap/wiki/s/92d2c4742cba354172eb1affa02efacd-CDN/-23x24x/9116/n2r6gc/1bfa1eaa8b04ae6d4124fc3e33a6146f/_/download/contextbatch/js/_super/batch.js?locale=en-US:2576
[    1255ms] [WARNING] DEPRECATED undefined - AJS.params has been deprecated since 9.0.0 and will be removed in 10.0.0.  
     at HTMLMetaElement.<anonymous> (https://wiki.one.int.sap/wiki/s/92d2c4742cba354172eb1affa02efacd-CDN/-23x24x/9116/n2r6gc/1bfa1eaa8b04ae6d4124fc3e33a6146f/_/download/contextbatch/js/_super/batch.js?locale=en-US:2852:304) @ https://wiki.one.int.sap/wiki/s/92d2c4742cba354172eb1affa02efacd-CDN/-23x24x/9116/n2r6gc/1bfa1eaa8b04ae6d4124fc3e33a6146f/_/download/contextbatch/js/_super/batch.js?locale=en-US:2576
[    1255ms] [WARNING] DEPRECATED undefined - AJS.params has been deprecated since 9.0.0 and will be removed in 10.0.0.  
     at HTMLMetaElement.<anonymous> (https://wiki.one.int.sap/wiki/s/92d2c4742cba354172eb1affa02efacd-CDN/-23x24x/9116/n2r6gc/1bfa1eaa8b04ae6d4124fc3e33a6146f/_/download/contextbatch/js/_super/batch.js?locale=en-US:2852:304) @ https://wiki.one.int.sap/wiki/s/92d2c4742cba354172eb1affa02efacd-CDN/-23x24x/9116/n2r6gc/1bfa1eaa8b04ae6d4124fc3e33a6146f/_/download/contextbatch/js/_super/batch.js?locale=en-US:2576
[    1256ms] [WARNING] DEPRECATED undefined - AJS.params has been deprecated since 9.0.0 and will be removed in 10.0.0.  
     at HTMLMetaElement.<anonymous> (https://wiki.one.int.sap/wiki/s/92d2c4742cba354172eb1affa02efacd-CDN/-23x24x/9116/n2r6gc/1bfa1eaa8b04ae6d4124fc3e33a6146f/_/download/contextbatch/js/_super/batch.js?locale=en-US:2852:304) @ https://wiki.one.int.sap/wiki/s/92d2c4742cba354172eb1affa02efacd-CDN/-23x24x/9116/n2r6gc/1bfa1eaa8b04ae6d4124fc3e33a6146f/_/download/contextbatch/js/_super/batch.js?locale=en-US:2576
[    1256ms] [WARNING] DEPRECATED undefined - AJS.params has been deprecated since 9.0.0 and will be removed in 10.0.0.  
     at HTMLMetaElement.<anonymous> (https://wiki.one.int.sap/wiki/s/92d2c4742cba354172eb1affa02efacd-CDN/-23x24x/9116/n2r6gc/1bfa1eaa8b04ae6d4124fc3e33a6146f/_/download/contextbatch/js/_super/batch.js?locale=en-US:2852:304) @ https://wiki.one.int.sap/wiki/s/92d2c4742cba354172eb1affa02efacd-CDN/-23x24x/9116/n2r6gc/1bfa1eaa8b04ae6d4124fc3e33a6146f/_/download/contextbatch/js/_super/batch.js?locale=en-US:2576
[    1256ms] [WARNING] DEPRECATED undefined - AJS.params has been deprecated since 9.0.0 and will be removed in 10.0.0.  
     at HTMLMetaElement.<anonymous> (https://wiki.one.int.sap/wiki/s/92d2c4742cba354172eb1affa02efacd-CDN/-23x24x/9116/n2r6gc/1bfa1eaa8b04ae6d4124fc3e33a6146f/_/download/contextbatch/js/_super/batch.js?locale=en-US:2852:304) @ https://wiki.one.int.sap/wiki/s/92d2c4742cba354172eb1affa02efacd-CDN/-23x24x/9116/n2r6gc/1bfa1eaa8b04ae6d4124fc3e33a6146f/_/download/contextbatch/js/_super/batch.js?locale=en-US:2576
[    1256ms] [WARNING] DEPRECATED undefined - AJS.params has been deprecated since 9.0.0 and will be removed in 10.0.0.  
     at HTMLMetaElement.<anonymous> (https://wiki.one.int.sap/wiki/s/92d2c4742cba354172eb1affa02efacd-CDN/-23x24x/9116/n2r6gc/1bfa1eaa8b04ae6d4124fc3e33a6146f/_/download/contextbatch/js/_super/batch.js?locale=en-US:2852:304) @ https://wiki.one.int.sap/wiki/s/92d2c4742cba354172eb1affa02efacd-CDN/-23x24x/9116/n2r6gc/1bfa1eaa8b04ae6d4124fc3e33a6146f/_/download/contextbatch/js/_super/batch.js?locale=en-US:2576
[    1256ms] [WARNING] DEPRECATED undefined - AJS.params has been deprecated since 9.0.0 and will be removed in 10.0.0.  
     at HTMLMetaElement.<anonymous> (https://wiki.one.int.sap/wiki/s/92d2c4742cba354172eb1affa02efacd-CDN/-23x24x/9116/n2r6gc/1bfa1eaa8b04ae6d4124fc3e33a6146f/_/download/contextbatch/js/_super/batch.js?locale=en-US:2852:304) @ https://wiki.one.int.sap/wiki/s/92d2c4742cba354172eb1affa02efacd-CDN/-23x24x/9116/n2r6gc/1bfa1eaa8b04ae6d4124fc3e33a6146f/_/download/contextbatch/js/_super/batch.js?locale=en-US:2576
[    1256ms] [WARNING] DEPRECATED undefined - AJS.params has been deprecated since 9.0.0 and will be removed in 10.0.0.  
     at HTMLMetaElement.<anonymous> (https://wiki.one.int.sap/wiki/s/92d2c4742cba354172eb1affa02efacd-CDN/-23x24x/9116/n2r6gc/1bfa1eaa8b04ae6d4124fc3e33a6146f/_/download/contextbatch/js/_super/batch.js?locale=en-US:2852:304) @ https://wiki.one.int.sap/wiki/s/92d2c4742cba354172eb1affa02efacd-CDN/-23x24x/9116/n2r6gc/1bfa1eaa8b04ae6d4124fc3e33a6146f/_/download/contextbatch/js/_super/batch.js?locale=en-US:2576
[    1256ms] [WARNING] DEPRECATED undefined - AJS.params has been deprecated since 9.0.0 and will be removed in 10.0.0.  
     at HTMLMetaElement.<anonymous> (https://wiki.one.int.sap/wiki/s/92d2c4742cba354172eb1affa02efacd-CDN/-23x24x/9116/n2r6gc/1bfa1eaa8b04ae6d4124fc3e33a6146f/_/download/contextbatch/js/_super/batch.js?locale=en-US:2852:304) @ https://wiki.one.int.sap/wiki/s/92d2c4742cba354172eb1affa02efacd-CDN/-23x24x/9116/n2r6gc/1bfa1eaa8b04ae6d4124fc3e33a6146f/_/download/contextbatch/js/_super/batch.js?locale=en-US:2576
[    1256ms] [WARNING] DEPRECATED undefined - AJS.params has been deprecated since 9.0.0 and will be removed in 10.0.0.  
     at HTMLMetaElement.<anonymous> (https://wiki.one.int.sap/wiki/s/92d2c4742cba354172eb1affa02efacd-CDN/-23x24x/9116/n2r6gc/1bfa1eaa8b04ae6d4124fc3e33a6146f/_/download/contextbatch/js/_super/batch.js?locale=en-US:2852:304) @ https://wiki.one.int.sap/wiki/s/92d2c4742cba354172eb1affa02efacd-CDN/-23x24x/9116/n2r6gc/1bfa1eaa8b04ae6d4124fc3e33a6146f/_/download/contextbatch/js/_super/batch.js?locale=en-US:2576
[    1256ms] [WARNING] DEPRECATED undefined - AJS.params has been deprecated since 9.0.0 and will be removed in 10.0.0.  
     at HTMLMetaElement.<anonymous> (https://wiki.one.int.sap/wiki/s/92d2c4742cba354172eb1affa02efacd-CDN/-23x24x/9116/n2r6gc/1bfa1eaa8b04ae6d4124fc3e33a6146f/_/download/contextbatch/js/_super/batch.js?locale=en-US:2852:304) @ https://wiki.one.int.sap/wiki/s/92d2c4742cba354172eb1affa02efacd-CDN/-23x24x/9116/n2r6gc/1bfa1eaa8b04ae6d4124fc3e33a6146f/_/download/contextbatch/js/_super/batch.js?locale=en-US:2576
[    1256ms] [WARNING] DEPRECATED undefined - AJS.params has been deprecated since 9.0.0 and will be removed in 10.0.0.  
     at HTMLMetaElement.<anonymous> (https://wiki.one.int.sap/wiki/s/92d2c4742cba354172eb1affa02efacd-CDN/-23x24x/9116/n2r6gc/1bfa1eaa8b04ae6d4124fc3e33a6146f/_/download/contextbatch/js/_super/batch.js?locale=en-US:2852:304) @ https://wiki.one.int.sap/wiki/s/92d2c4742cba354172eb1affa02efacd-CDN/-23x24x/9116/n2r6gc/1bfa1eaa8b04ae6d4124fc3e33a6146f/_/download/contextbatch/js/_super/batch.js?locale=en-US:2576
[    1256ms] [WARNING] DEPRECATED undefined - AJS.params has been deprecated since 9.0.0 and will be removed in 10.0.0.  
     at HTMLMetaElement.<anonymous> (https://wiki.one.int.sap/wiki/s/92d2c4742cba354172eb1affa02efacd-CDN/-23x24x/9116/n2r6gc/1bfa1eaa8b04ae6d4124fc3e33a6146f/_/download/contextbatch/js/_super/batch.js?locale=en-US:2852:304) @ https://wiki.one.int.sap/wiki/s/92d2c4742cba354172eb1affa02efacd-CDN/-23x24x/9116/n2r6gc/1bfa1eaa8b04ae6d4124fc3e33a6146f/_/download/contextbatch/js/_super/batch.js?locale=en-US:2576
[    1256ms] [WARNING] DEPRECATED undefined - AJS.params has been deprecated since 9.0.0 and will be removed in 10.0.0.  
     at HTMLMetaElement.<anonymous> (https://wiki.one.int.sap/wiki/s/92d2c4742cba354172eb1affa02efacd-CDN/-23x24x/9116/n2r6gc/1bfa1eaa8b04ae6d4124fc3e33a6146f/_/download/contextbatch/js/_super/batch.js?locale=en-US:2852:304) @ https://wiki.one.int.sap/wiki/s/92d2c4742cba354172eb1affa02efacd-CDN/-23x24x/9116/n2r6gc/1bfa1eaa8b04ae6d4124fc3e33a6146f/_/download/contextbatch/js/_super/batch.js?locale=en-US:2576
[    1256ms] [WARNING] DEPRECATED undefined - AJS.params has been deprecated since 9.0.0 and will be removed in 10.0.0.  
     at HTMLMetaElement.<anonymous> (https://wiki.one.int.sap/wiki/s/92d2c4742cba354172eb1affa02efacd-CDN/-23x24x/9116/n2r6gc/1bfa1eaa8b04ae6d4124fc3e33a6146f/_/download/contextbatch/js/_super/batch.js?locale=en-US:2852:304) @ https://wiki.one.int.sap/wiki/s/92d2c4742cba354172eb1affa02efacd-CDN/-23x24x/9116/n2r6gc/1bfa1eaa8b04ae6d4124fc3e33a6146f/_/download/contextbatch/js/_super/batch.js?locale=en-US:2576
[    1256ms] [WARNING] DEPRECATED undefined - AJS.params has been deprecated since 9.0.0 and will be removed in 10.0.0.  
     at HTMLMetaElement.<anonymous> (https://wiki.one.int.sap/wiki/s/92d2c4742cba354172eb1affa02efacd-CDN/-23x24x/9116/n2r6gc/1bfa1eaa8b04ae6d4124fc3e33a6146f/_/download/contextbatch/js/_super/batch.js?locale=en-US:2852:304) @ https://wiki.one.int.sap/wiki/s/92d2c4742cba354172eb1affa02efacd-CDN/-23x24x/9116/n2r6gc/1bfa1eaa8b04ae6d4124fc3e33a6146f/_/download/contextbatch/js/_super/batch.js?locale=en-US:2576
[    1256ms] [WARNING] DEPRECATED undefined - AJS.params has been deprecated since 9.0.0 and will be removed in 10.0.0.  
     at HTMLMetaElement.<anonymous> (https://wiki.one.int.sap/wiki/s/92d2c4742cba354172eb1affa02efacd-CDN/-23x24x/9116/n2r6gc/1bfa1eaa8b04ae6d4124fc3e33a6146f/_/download/contextbatch/js/_super/batch.js?locale=en-US:2852:304) @ https://wiki.one.int.sap/wiki/s/92d2c4742cba354172eb1affa02efacd-CDN/-23x24x/9116/n2r6gc/1bfa1eaa8b04ae6d4124fc3e33a6146f/_/download/contextbatch/js/_super/batch.js?locale=en-US:2576
[    1256ms] [WARNING] DEPRECATED undefined - AJS.params has been deprecated since 9.0.0 and will be removed in 10.0.0.  
     at HTMLMetaElement.<anonymous> (https://wiki.one.int.sap/wiki/s/92d2c4742cba354172eb1affa02efacd-CDN/-23x24x/9116/n2r6gc/1bfa1eaa8b04ae6d4124fc3e33a6146f/_/download/contextbatch/js/_super/batch.js?locale=en-US:2852:304) @ https://wiki.one.int.sap/wiki/s/92d2c4742cba354172eb1affa02efacd-CDN/-23x24x/9116/n2r6gc/1bfa1eaa8b04ae6d4124fc3e33a6146f/_/download/contextbatch/js/_super/batch.js?locale=en-US:2576
[    1256ms] [WARNING] DEPRECATED undefined - AJS.params has been deprecated since 9.0.0 and will be removed in 10.0.0.  
     at HTMLMetaElement.<anonymous> (https://wiki.one.int.sap/wiki/s/92d2c4742cba354172eb1affa02efacd-CDN/-23x24x/9116/n2r6gc/1bfa1eaa8b04ae6d4124fc3e33a6146f/_/download/contextbatch/js/_super/batch.js?locale=en-US:2852:304) @ https://wiki.one.int.sap/wiki/s/92d2c4742cba354172eb1affa02efacd-CDN/-23x24x/9116/n2r6gc/1bfa1eaa8b04ae6d4124fc3e33a6146f/_/download/contextbatch/js/_super/batch.js?locale=en-US:2576
[    1256ms] [WARNING] DEPRECATED undefined - AJS.params has been deprecated since 9.0.0 and will be removed in 10.0.0.  
     at HTMLMetaElement.<anonymous> (https://wiki.one.int.sap/wiki/s/92d2c4742cba354172eb1affa02efacd-CDN/-23x24x/9116/n2r6gc/1bfa1eaa8b04ae6d4124fc3e33a6146f/_/download/contextbatch/js/_super/batch.js?locale=en-US:2852:304) @ https://wiki.one.int.sap/wiki/s/92d2c4742cba354172eb1affa02efacd-CDN/-23x24x/9116/n2r6gc/1bfa1eaa8b04ae6d4124fc3e33a6146f/_/download/contextbatch/js/_super/batch.js?locale=en-US:2576
[    1257ms] [WARNING] DEPRECATED undefined - AJS.params has been deprecated since 9.0.0 and will be removed in 10.0.0.  
     at HTMLMetaElement.<anonymous> (https://wiki.one.int.sap/wiki/s/92d2c4742cba354172eb1affa02efacd-CDN/-23x24x/9116/n2r6gc/1bfa1eaa8b04ae6d4124fc3e33a6146f/_/download/contextbatch/js/_super/batch.js?locale=en-US:2852:304) @ https://wiki.one.int.sap/wiki/s/92d2c4742cba354172eb1affa02efacd-CDN/-23x24x/9116/n2r6gc/1bfa1eaa8b04ae6d4124fc3e33a6146f/_/download/contextbatch/js/_super/batch.js?locale=en-US:2576
[    1257ms] [WARNING] DEPRECATED undefined - AJS.params has been deprecated since 9.0.0 and will be removed in 10.0.0.  
     at HTMLMetaElement.<anonymous> (https://wiki.one.int.sap/wiki/s/92d2c4742cba354172eb1affa02efacd-CDN/-23x24x/9116/n2r6gc/1bfa1eaa8b04ae6d4124fc3e33a6146f/_/download/contextbatch/js/_super/batch.js?locale=en-US:2852:304) @ https://wiki.one.int.sap/wiki/s/92d2c4742cba354172eb1affa02efacd-CDN/-23x24x/9116/n2r6gc/1bfa1eaa8b04ae6d4124fc3e33a6146f/_/download/contextbatch/js/_super/batch.js?locale=en-US:2576
[    1257ms] [WARNING] DEPRECATED undefined - AJS.params has been deprecated since 9.0.0 and will be removed in 10.0.0.  
     at HTMLMetaElement.<anonymous> (https://wiki.one.int.sap/wiki/s/92d2c4742cba354172eb1affa02efacd-CDN/-23x24x/9116/n2r6gc/1bfa1eaa8b04ae6d4124fc3e33a6146f/_/download/contextbatch/js/_super/batch.js?locale=en-US:2852:304) @ https://wiki.one.int.sap/wiki/s/92d2c4742cba354172eb1affa02efacd-CDN/-23x24x/9116/n2r6gc/1bfa1eaa8b04ae6d4124fc3e33a6146f/_/download/contextbatch/js/_super/batch.js?locale=en-US:2576
[    1257ms] [WARNING] DEPRECATED undefined - AJS.params has been deprecated since 9.0.0 and will be removed in 10.0.0.  
     at HTMLMetaElement.<anonymous> (https://wiki.one.int.sap/wiki/s/92d2c4742cba354172eb1affa02efacd-CDN/-23x24x/9116/n2r6gc/1bfa1eaa8b04ae6d4124fc3e33a6146f/_/download/contextbatch/js/_super/batch.js?locale=en-US:2852:304) @ https://wiki.one.int.sap/wiki/s/92d2c4742cba354172eb1affa02efacd-CDN/-23x24x/9116/n2r6gc/1bfa1eaa8b04ae6d4124fc3e33a6146f/_/download/contextbatch/js/_super/batch.js?locale=en-US:2576
[    1257ms] [WARNING] DEPRECATED undefined - AJS.params has been deprecated since 9.0.0 and will be removed in 10.0.0.  
     at HTMLMetaElement.<anonymous> (https://wiki.one.int.sap/wiki/s/92d2c4742cba354172eb1affa02efacd-CDN/-23x24x/9116/n2r6gc/1bfa1eaa8b04ae6d4124fc3e33a6146f/_/download/contextbatch/js/_super/batch.js?locale=en-US:2852:304) @ https://wiki.one.int.sap/wiki/s/92d2c4742cba354172eb1affa02efacd-CDN/-23x24x/9116/n2r6gc/1bfa1eaa8b04ae6d4124fc3e33a6146f/_/download/contextbatch/js/_super/batch.js?locale=en-US:2576
[    1257ms] [WARNING] DEPRECATED undefined - AJS.params has been deprecated since 9.0.0 and will be removed in 10.0.0.  
     at HTMLMetaElement.<anonymous> (https://wiki.one.int.sap/wiki/s/92d2c4742cba354172eb1affa02efacd-CDN/-23x24x/9116/n2r6gc/1bfa1eaa8b04ae6d4124fc3e33a6146f/_/download/contextbatch/js/_super/batch.js?locale=en-US:2852:304) @ https://wiki.one.int.sap/wiki/s/92d2c4742cba354172eb1affa02efacd-CDN/-23x24x/9116/n2r6gc/1bfa1eaa8b04ae6d4124fc3e33a6146f/_/download/contextbatch/js/_super/batch.js?locale=en-US:2576
[    1257ms] [WARNING] DEPRECATED undefined - AJS.params has been deprecated since 9.0.0 and will be removed in 10.0.0.  
     at HTMLMetaElement.<anonymous> (https://wiki.one.int.sap/wiki/s/92d2c4742cba354172eb1affa02efacd-CDN/-23x24x/9116/n2r6gc/1bfa1eaa8b04ae6d4124fc3e33a6146f/_/download/contextbatch/js/_super/batch.js?locale=en-US:2852:304) @ https://wiki.one.int.sap/wiki/s/92d2c4742cba354172eb1affa02efacd-CDN/-23x24x/9116/n2r6gc/1bfa1eaa8b04ae6d4124fc3e33a6146f/_/download/contextbatch/js/_super/batch.js?locale=en-US:2576
[    1257ms] [WARNING] DEPRECATED undefined - AJS.params has been deprecated since 9.0.0 and will be removed in 10.0.0.  
     at HTMLMetaElement.<anonymous> (https://wiki.one.int.sap/wiki/s/92d2c4742cba354172eb1affa02efacd-CDN/-23x24x/9116/n2r6gc/1bfa1eaa8b04ae6d4124fc3e33a6146f/_/download/contextbatch/js/_super/batch.js?locale=en-US:2852:304) @ https://wiki.one.int.sap/wiki/s/92d2c4742cba354172eb1affa02efacd-CDN/-23x24x/9116/n2r6gc/1bfa1eaa8b04ae6d4124fc3e33a6146f/_/download/contextbatch/js/_super/batch.js?locale=en-US:2576
[    1257ms] [WARNING] DEPRECATED undefined - AJS.params has been deprecated since 9.0.0 and will be removed in 10.0.0.  
     at HTMLMetaElement.<anonymous> (https://wiki.one.int.sap/wiki/s/92d2c4742cba354172eb1affa02efacd-CDN/-23x24x/9116/n2r6gc/1bfa1eaa8b04ae6d4124fc3e33a6146f/_/download/contextbatch/js/_super/batch.js?locale=en-US:2852:304) @ https://wiki.one.int.sap/wiki/s/92d2c4742cba354172eb1affa02efacd-CDN/-23x24x/9116/n2r6gc/1bfa1eaa8b04ae6d4124fc3e33a6146f/_/download/contextbatch/js/_super/batch.js?locale=en-US:2576
[    1257ms] [WARNING] DEPRECATED undefined - AJS.params has been deprecated since 9.0.0 and will be removed in 10.0.0.  
     at HTMLMetaElement.<anonymous> (https://wiki.one.int.sap/wiki/s/92d2c4742cba354172eb1affa02efacd-CDN/-23x24x/9116/n2r6gc/1bfa1eaa8b04ae6d4124fc3e33a6146f/_/download/contextbatch/js/_super/batch.js?locale=en-US:2852:304) @ https://wiki.one.int.sap/wiki/s/92d2c4742cba354172eb1affa02efacd-CDN/-23x24x/9116/n2r6gc/1bfa1eaa8b04ae6d4124fc3e33a6146f/_/download/contextbatch/js/_super/batch.js?locale=en-US:2576
[    1257ms] [WARNING] DEPRECATED undefined - AJS.params has been deprecated since 9.0.0 and will be removed in 10.0.0.  
     at HTMLMetaElement.<anonymous> (https://wiki.one.int.sap/wiki/s/92d2c4742cba354172eb1affa02efacd-CDN/-23x24x/9116/n2r6gc/1bfa1eaa8b04ae6d4124fc3e33a6146f/_/download/contextbatch/js/_super/batch.js?locale=en-US:2852:304) @ https://wiki.one.int.sap/wiki/s/92d2c4742cba354172eb1affa02efacd-CDN/-23x24x/9116/n2r6gc/1bfa1eaa8b04ae6d4124fc3e33a6146f/_/download/contextbatch/js/_super/batch.js?locale=en-US:2576
[    1257ms] [WARNING] DEPRECATED undefined - AJS.params has been deprecated since 9.0.0 and will be removed in 10.0.0.  
     at HTMLMetaElement.<anonymous> (https://wiki.one.int.sap/wiki/s/92d2c4742cba354172eb1affa02efacd-CDN/-23x24x/9116/n2r6gc/1bfa1eaa8b04ae6d4124fc3e33a6146f/_/download/contextbatch/js/_super/batch.js?locale=en-US:2852:304) @ https://wiki.one.int.sap/wiki/s/92d2c4742cba354172eb1affa02efacd-CDN/-23x24x/9116/n2r6gc/1bfa1eaa8b04ae6d4124fc3e33a6146f/_/download/contextbatch/js/_super/batch.js?locale=en-US:2576
[    1257ms] [WARNING] DEPRECATED undefined - AJS.params has been deprecated since 9.0.0 and will be removed in 10.0.0.  
     at HTMLMetaElement.<anonymous> (https://wiki.one.int.sap/wiki/s/92d2c4742cba354172eb1affa02efacd-CDN/-23x24x/9116/n2r6gc/1bfa1eaa8b04ae6d4124fc3e33a6146f/_/download/contextbatch/js/_super/batch.js?locale=en-US:2852:304) @ https://wiki.one.int.sap/wiki/s/92d2c4742cba354172eb1affa02efacd-CDN/-23x24x/9116/n2r6gc/1bfa1eaa8b04ae6d4124fc3e33a6146f/_/download/contextbatch/js/_super/batch.js?locale=en-US:2576
[    1257ms] [WARNING] DEPRECATED undefined - AJS.params has been deprecated since 9.0.0 and will be removed in 10.0.0.  
     at HTMLMetaElement.<anonymous> (https://wiki.one.int.sap/wiki/s/92d2c4742cba354172eb1affa02efacd-CDN/-23x24x/9116/n2r6gc/1bfa1eaa8b04ae6d4124fc3e33a6146f/_/download/contextbatch/js/_super/batch.js?locale=en-US:2852:304) @ https://wiki.one.int.sap/wiki/s/92d2c4742cba354172eb1affa02efacd-CDN/-23x24x/9116/n2r6gc/1bfa1eaa8b04ae6d4124fc3e33a6146f/_/download/contextbatch/js/_super/batch.js?locale=en-US:2576
[    1257ms] [WARNING] DEPRECATED undefined - AJS.params has been deprecated since 9.0.0 and will be removed in 10.0.0.  
     at HTMLMetaElement.<anonymous> (https://wiki.one.int.sap/wiki/s/92d2c4742cba354172eb1affa02efacd-CDN/-23x24x/9116/n2r6gc/1bfa1eaa8b04ae6d4124fc3e33a6146f/_/download/contextbatch/js/_super/batch.js?locale=en-US:2852:304) @ https://wiki.one.int.sap/wiki/s/92d2c4742cba354172eb1affa02efacd-CDN/-23x24x/9116/n2r6gc/1bfa1eaa8b04ae6d4124fc3e33a6146f/_/download/contextbatch/js/_super/batch.js?locale=en-US:2576
[    1270ms] [LOG] recBaseUrl: https://icrs.cfapps.eu10.hana.ondemand.com @ https://wiki.one.int.sap/wiki/s/a2a622480a1f4ea7b09c87be9b030cc8-CDN/-23x24x/9116/n2r6gc/19e744355b7b8bd06b8b0fb5de37742d/_/download/contextbatch/js/confluence-search,atl.general,main,-_super/batch.js?analytics-enabled=false&hostenabled=true&locale=en-US&theme.switcher=true&user-logged-in=true:2996
[    1291ms] [WARNING] DEPRECATED JS - AJS.debounce has been deprecated since 8.0.0 and will be removed in 10.0.0. Use equivalent functions from libraries like lodash / underscore instead  
     at p.init (https://wiki.one.int.sap/wiki/s/92d2c4742cba354172eb1affa02efacd-CDN/-23x24x/9116/n2r6gc/1bfa1eaa8b04ae6d4124fc3e33a6146f/_/download/contextbatch/js/_super/batch.js?locale=en-US:3200:1993) @ https://wiki.one.int.sap/wiki/s/92d2c4742cba354172eb1affa02efacd-CDN/-23x24x/9116/n2r6gc/1bfa1eaa8b04ae6d4124fc3e33a6146f/_/download/contextbatch/js/_super/batch.js?locale=en-US:2576
[    1542ms] [LOG] [WRM] [handler] Downloading resources [js!/wiki/s/d41d8cd98f00b204e9800998ecf8427e-CDN/-2…bled=true&theme.switcher=true&user-logged-in=true, js!/wiki/s/61f4ec5c93800775c916150d1014c62f-CDN/-2…sian.auiplugin:7498,-_super/batch.js?locale=en-US] @ https://wiki.one.int.sap/wiki/s/92d2c4742cba354172eb1affa02efacd-CDN/-23x24x/9116/n2r6gc/1bfa1eaa8b04ae6d4124fc3e33a6146f/_/download/contextbatch/js/_super/batch.js?locale=en-US:21
[    1550ms] [LOG] [BM] Collector installed @ https://wiki.one.int.sap/wiki/s/d41d8cd98f00b204e9800998ecf8427e-CDN/-23x24x/9116/n2r6gc/e4410f6bf3bb4c5006bf70387e5ddf3f/_/download/contextbatch/js/browser-metrics-plugin.contrib,-_super,-confluence-search,-atl.general/batch.js?analytics-enabled=false&hostenabled=true&theme.switcher=true&user-logged-in=true:87
[    1971ms] [WARNING] DEPRECATED JS - PopulateParameters has been deprecated since 9.0.0 and will be removed in 10.0.0.  
     at HTMLDocument.<anonymous> (https://wiki.one.int.sap/wiki/s/92d2c4742cba354172eb1affa02efacd-CDN/-23x24x/9116/n2r6gc/1bfa1eaa8b04ae6d4124fc3e33a6146f/_/download/contextbatch/js/_super/batch.js?locale=en-US:2682:988) @ https://wiki.one.int.sap/wiki/s/92d2c4742cba354172eb1affa02efacd-CDN/-23x24x/9116/n2r6gc/1bfa1eaa8b04ae6d4124fc3e33a6146f/_/download/contextbatch/js/_super/batch.js?locale=en-US:2576
[    1995ms] [WARNING] DEPRECATED JS - Dialog has been deprecated since 6.0.6 and will be removed in a future release. Use require('confluence-create-content/space-blueprint')  
     at https://wiki.one.int.sap/wiki/s/92d2c4742cba354172eb1affa02efacd-CDN/-23x24x/9116/n2r6gc/1bfa1eaa8b04ae6d4124fc3e33a6146f/_/download/contextbatch/js/_super/batch.js?locale=en-US:3634:56 @ https://wiki.one.int.sap/wiki/s/92d2c4742cba354172eb1affa02efacd-CDN/-23x24x/9116/n2r6gc/1bfa1eaa8b04ae6d4124fc3e33a6146f/_/download/contextbatch/js/_super/batch.js?locale=en-US:2576
[    1996ms] [WARNING] DEPRECATED JS - Inline dialog constructor has been deprecated and will be removed in a future release. Use inline dialog 2 instead.   
     at B (https://wiki.one.int.sap/wiki/s/a2a622480a1f4ea7b09c87be9b030cc8-CDN/-23x24x/9116/n2r6gc/19e744355b7b8bd06b8b0fb5de37742d/_/download/contextbatch/js/confluence-search,atl.general,main,-_super/batch.js?analytics-enabled=false&hostenabled=true&locale=en-US&theme.switcher=true&user-logged-in=true:2729:362) @ https://wiki.one.int.sap/wiki/s/92d2c4742cba354172eb1affa02efacd-CDN/-23x24x/9116/n2r6gc/1bfa1eaa8b04ae6d4124fc3e33a6146f/_/download/contextbatch/js/_super/batch.js?locale=en-US:2576
[    2213ms] [WARNING] DEPRECATED JS - Build has been deprecated since 1.4.22 and will be removed in a future release. Use require('confluence-ui-components/js/space-picker')  
     at Object.setupInput (https://wiki.one.int.sap/wiki/s/a2a622480a1f4ea7b09c87be9b030cc8-CDN/-23x24x/9116/n2r6gc/19e744355b7b8bd06b8b0fb5de37742d/_/download/contextbatch/js/confluence-search,atl.general,main,-_super/batch.js?analytics-enabled=false&hostenabled=true&locale=en-US&theme.switcher=true&user-logged-in=true:512:122) @ https://wiki.one.int.sap/wiki/s/92d2c4742cba354172eb1affa02efacd-CDN/-23x24x/9116/n2r6gc/1bfa1eaa8b04ae6d4124fc3e33a6146f/_/download/contextbatch/js/_super/batch.js?locale=en-US:2576
[    2527ms] [LOG] JQMIGRATE: Migrate is installed with logging active, version 3.4.0 @ https://wiki.one.int.sap/wiki/s/92d2c4742cba354172eb1affa02efacd-CDN/-23x24x/9116/n2r6gc/1bfa1eaa8b04ae6d4124fc3e33a6146f/_/download/contextbatch/js/_super/batch.js?locale=en-US:99
[    2527ms] [WARNING] Use of `window._` through AUI is deprecated and will be removed in AUI 10.0.0 @ https://wiki.one.int.sap/wiki/s/92d2c4742cba354172eb1affa02efacd-CDN/-23x24x/9116/n2r6gc/1bfa1eaa8b04ae6d4124fc3e33a6146f/_/download/contextbatch/js/_super/batch.js?locale=en-US:173
[    2529ms] [WARNING] DEPRECATED undefined - AJS.params has been deprecated since 9.0.0 and will be removed in 10.0.0.  
     at HTMLMetaElement.<anonymous> (https://wiki.one.int.sap/wiki/s/92d2c4742cba354172eb1affa02efacd-CDN/-23x24x/9116/n2r6gc/1bfa1eaa8b04ae6d4124fc3e33a6146f/_/download/contextbatch/js/_super/batch.js?locale=en-US:2852:304) @ https://wiki.one.int.sap/wiki/s/92d2c4742cba354172eb1affa02efacd-CDN/-23x24x/9116/n2r6gc/1bfa1eaa8b04ae6d4124fc3e33a6146f/_/download/contextbatch/js/_super/batch.js?locale=en-US:2576
[    2529ms] [WARNING] DEPRECATED undefined - AJS.params has been deprecated since 9.0.0 and will be removed in 10.0.0.  
     at HTMLMetaElement.<anonymous> (https://wiki.one.int.sap/wiki/s/92d2c4742cba354172eb1affa02efacd-CDN/-23x24x/9116/n2r6gc/1bfa1eaa8b04ae6d4124fc3e33a6146f/_/download/contextbatch/js/_super/batch.js?locale=en-US:2852:304) @ https://wiki.one.int.sap/wiki/s/92d2c4742cba354172eb1affa02efacd-CDN/-23x24x/9116/n2r6gc/1bfa1eaa8b04ae6d4124fc3e33a6146f/_/download/contextbatch/js/_super/batch.js?locale=en-US:2576
[    2530ms] [WARNING] DEPRECATED undefined - AJS.params has been deprecated since 9.0.0 and will be removed in 10.0.0.  
     at HTMLMetaElement.<anonymous> (https://wiki.one.int.sap/wiki/s/92d2c4742cba354172eb1affa02efacd-CDN/-23x24x/9116/n2r6gc/1bfa1eaa8b04ae6d4124fc3e33a6146f/_/download/contextbatch/js/_super/batch.js?locale=en-US:2852:304) @ https://wiki.one.int.sap/wiki/s/92d2c4742cba354172eb1affa02efacd-CDN/-23x24x/9116/n2r6gc/1bfa1eaa8b04ae6d4124fc3e33a6146f/_/download/contextbatch/js/_super/batch.js?locale=en-US:2576
[    2530ms] [WARNING] DEPRECATED undefined - AJS.params has been deprecated since 9.0.0 and will be removed in 10.0.0.  
     at HTMLMetaElement.<anonymous> (https://wiki.one.int.sap/wiki/s/92d2c4742cba354172eb1affa02efacd-CDN/-23x24x/9116/n2r6gc/1bfa1eaa8b04ae6d4124fc3e33a6146f/_/download/contextbatch/js/_super/batch.js?locale=en-US:2852:304) @ https://wiki.one.int.sap/wiki/s/92d2c4742cba354172eb1affa02efacd-CDN/-23x24x/9116/n2r6gc/1bfa1eaa8b04ae6d4124fc3e33a6146f/_/download/contextbatch/js/_super/batch.js?locale=en-US:2576
[    2530ms] [WARNING] DEPRECATED undefined - AJS.params has been deprecated since 9.0.0 and will be removed in 10.0.0.  
     at HTMLMetaElement.<anonymous> (https://wiki.one.int.sap/wiki/s/92d2c4742cba354172eb1affa02efacd-CDN/-23x24x/9116/n2r6gc/1bfa1eaa8b04ae6d4124fc3e33a6146f/_/download/contextbatch/js/_super/batch.js?locale=en-US:2852:304) @ https://wiki.one.int.sap/wiki/s/92d2c4742cba354172eb1affa02efacd-CDN/-23x24x/9116/n2r6gc/1bfa1eaa8b04ae6d4124fc3e33a6146f/_/download/contextbatch/js/_super/batch.js?locale=en-US:2576
[    2530ms] [WARNING] DEPRECATED undefined - AJS.params has been deprecated since 9.0.0 and will be removed in 10.0.0.  
     at HTMLMetaElement.<anonymous> (https://wiki.one.int.sap/wiki/s/92d2c4742cba354172eb1affa02efacd-CDN/-23x24x/9116/n2r6gc/1bfa1eaa8b04ae6d4124fc3e33a6146f/_/download/contextbatch/js/_super/batch.js?locale=en-US:2852:304) @ https://wiki.one.int.sap/wiki/s/92d2c4742cba354172eb1affa02efacd-CDN/-23x24x/9116/n2r6gc/1bfa1eaa8b04ae6d4124fc3e33a6146f/_/download/contextbatch/js/_super/batch.js?locale=en-US:2576
[    2530ms] [WARNING] DEPRECATED undefined - AJS.params has been deprecated since 9.0.0 and will be removed in 10.0.0.  
     at HTMLMetaElement.<anonymous> (https://wiki.one.int.sap/wiki/s/92d2c4742cba354172eb1affa02efacd-CDN/-23x24x/9116/n2r6gc/1bfa1eaa8b04ae6d4124fc3e33a6146f/_/download/contextbatch/js/_super/batch.js?locale=en-US:2852:304) @ https://wiki.one.int.sap/wiki/s/92d2c4742cba354172eb1affa02efacd-CDN/-23x24x/9116/n2r6gc/1bfa1eaa8b04ae6d4124fc3e33a6146f/_/download/contextbatch/js/_super/batch.js?locale=en-US:2576
[    2530ms] [WARNING] DEPRECATED undefined - AJS.params has been deprecated since 9.0.0 and will be removed in 10.0.0.  
     at HTMLMetaElement.<anonymous> (https://wiki.one.int.sap/wiki/s/92d2c4742cba354172eb1affa02efacd-CDN/-23x24x/9116/n2r6gc/1bfa1eaa8b04ae6d4124fc3e33a6146f/_/download/contextbatch/js/_super/batch.js?locale=en-US:2852:304) @ https://wiki.one.int.sap/wiki/s/92d2c4742cba354172eb1affa02efacd-CDN/-23x24x/9116/n2r6gc/1bfa1eaa8b04ae6d4124fc3e33a6146f/_/download/contextbatch/js/_super/batch.js?locale=en-US:2576
[    2530ms] [WARNING] DEPRECATED undefined - AJS.params has been deprecated since 9.0.0 and will be removed in 10.0.0.  
     at HTMLMetaElement.<anonymous> (https://wiki.one.int.sap/wiki/s/92d2c4742cba354172eb1affa02efacd-CDN/-23x24x/9116/n2r6gc/1bfa1eaa8b04ae6d4124fc3e33a6146f/_/download/contextbatch/js/_super/batch.js?locale=en-US:2852:304) @ https://wiki.one.int.sap/wiki/s/92d2c4742cba354172eb1affa02efacd-CDN/-23x24x/9116/n2r6gc/1bfa1eaa8b04ae6d4124fc3e33a6146f/_/download/contextbatch/js/_super/batch.js?locale=en-US:2576
[    2530ms] [WARNING] DEPRECATED undefined - AJS.params has been deprecated since 9.0.0 and will be removed in 10.0.0.  
     at HTMLMetaElement.<anonymous> (https://wiki.one.int.sap/wiki/s/92d2c4742cba354172eb1affa02efacd-CDN/-23x24x/9116/n2r6gc/1bfa1eaa8b04ae6d4124fc3e33a6146f/_/download/contextbatch/js/_super/batch.js?locale=en-US:2852:304) @ https://wiki.one.int.sap/wiki/s/92d2c4742cba354172eb1affa02efacd-CDN/-23x24x/9116/n2r6gc/1bfa1eaa8b04ae6d4124fc3e33a6146f/_/download/contextbatch/js/_super/batch.js?locale=en-US:2576
[    2530ms] [WARNING] DEPRECATED undefined - AJS.params has been deprecated since 9.0.0 and will be removed in 10.0.0.  
     at HTMLMetaElement.<anonymous> (https://wiki.one.int.sap/wiki/s/92d2c4742cba354172eb1affa02efacd-CDN/-23x24x/9116/n2r6gc/1bfa1eaa8b04ae6d4124fc3e33a6146f/_/download/contextbatch/js/_super/batch.js?locale=en-US:2852:304) @ https://wiki.one.int.sap/wiki/s/92d2c4742cba354172eb1affa02efacd-CDN/-23x24x/9116/n2r6gc/1bfa1eaa8b04ae6d4124fc3e33a6146f/_/download/contextbatch/js/_super/batch.js?locale=en-US:2576
[    2530ms] [WARNING] DEPRECATED undefined - AJS.params has been deprecated since 9.0.0 and will be removed in 10.0.0.  
     at HTMLMetaElement.<anonymous> (https://wiki.one.int.sap/wiki/s/92d2c4742cba354172eb1affa02efacd-CDN/-23x24x/9116/n2r6gc/1bfa1eaa8b04ae6d4124fc3e33a6146f/_/download/contextbatch/js/_super/batch.js?locale=en-US:2852:304) @ https://wiki.one.int.sap/wiki/s/92d2c4742cba354172eb1affa02efacd-CDN/-23x24x/9116/n2r6gc/1bfa1eaa8b04ae6d4124fc3e33a6146f/_/download/contextbatch/js/_super/batch.js?locale=en-US:2576
[    2530ms] [WARNING] DEPRECATED undefined - AJS.params has been deprecated since 9.0.0 and will be removed in 10.0.0.  
     at HTMLMetaElement.<anonymous> (https://wiki.one.int.sap/wiki/s/92d2c4742cba354172eb1affa02efacd-CDN/-23x24x/9116/n2r6gc/1bfa1eaa8b04ae6d4124fc3e33a6146f/_/download/contextbatch/js/_super/batch.js?locale=en-US:2852:304) @ https://wiki.one.int.sap/wiki/s/92d2c4742cba354172eb1affa02efacd-CDN/-23x24x/9116/n2r6gc/1bfa1eaa8b04ae6d4124fc3e33a6146f/_/download/contextbatch/js/_super/batch.js?locale=en-US:2576
[    2530ms] [WARNING] DEPRECATED undefined - AJS.params has been deprecated since 9.0.0 and will be removed in 10.0.0.  
     at HTMLMetaElement.<anonymous> (https://wiki.one.int.sap/wiki/s/92d2c4742cba354172eb1affa02efacd-CDN/-23x24x/9116/n2r6gc/1bfa1eaa8b04ae6d4124fc3e33a6146f/_/download/contextbatch/js/_super/batch.js?locale=en-US:2852:304) @ https://wiki.one.int.sap/wiki/s/92d2c4742cba354172eb1affa02efacd-CDN/-23x24x/9116/n2r6gc/1bfa1eaa8b04ae6d4124fc3e33a6146f/_/download/contextbatch/js/_super/batch.js?locale=en-US:2576
[    2530ms] [WARNING] DEPRECATED undefined - AJS.params has been deprecated since 9.0.0 and will be removed in 10.0.0.  
     at HTMLMetaElement.<anonymous> (https://wiki.one.int.sap/wiki/s/92d2c4742cba354172eb1affa02efacd-CDN/-23x24x/9116/n2r6gc/1bfa1eaa8b04ae6d4124fc3e33a6146f/_/download/contextbatch/js/_super/batch.js?locale=en-US:2852:304) @ https://wiki.one.int.sap/wiki/s/92d2c4742cba354172eb1affa02efacd-CDN/-23x24x/9116/n2r6gc/1bfa1eaa8b04ae6d4124fc3e33a6146f/_/download/contextbatch/js/_super/batch.js?locale=en-US:2576
[    2530ms] [WARNING] DEPRECATED undefined - AJS.params has been deprecated since 9.0.0 and will be removed in 10.0.0.  
     at HTMLMetaElement.<anonymous> (https://wiki.one.int.sap/wiki/s/92d2c4742cba354172eb1affa02efacd-CDN/-23x24x/9116/n2r6gc/1bfa1eaa8b04ae6d4124fc3e33a6146f/_/download/contextbatch/js/_super/batch.js?locale=en-US:2852:304) @ https://wiki.one.int.sap/wiki/s/92d2c4742cba354172eb1affa02efacd-CDN/-23x24x/9116/n2r6gc/1bfa1eaa8b04ae6d4124fc3e33a6146f/_/download/contextbatch/js/_super/batch.js?locale=en-US:2576
[    2530ms] [WARNING] DEPRECATED undefined - AJS.params has been deprecated since 9.0.0 and will be removed in 10.0.0.  
     at HTMLMetaElement.<anonymous> (https://wiki.one.int.sap/wiki/s/92d2c4742cba354172eb1affa02efacd-CDN/-23x24x/9116/n2r6gc/1bfa1eaa8b04ae6d4124fc3e33a6146f/_/download/contextbatch/js/_super/batch.js?locale=en-US:2852:304) @ https://wiki.one.int.sap/wiki/s/92d2c4742cba354172eb1affa02efacd-CDN/-23x24x/9116/n2r6gc/1bfa1eaa8b04ae6d4124fc3e33a6146f/_/download/contextbatch/js/_super/batch.js?locale=en-US:2576
[    2530ms] [WARNING] DEPRECATED undefined - AJS.params has been deprecated since 9.0.0 and will be removed in 10.0.0.  
     at HTMLMetaElement.<anonymous> (https://wiki.one.int.sap/wiki/s/92d2c4742cba354172eb1affa02efacd-CDN/-23x24x/9116/n2r6gc/1bfa1eaa8b04ae6d4124fc3e33a6146f/_/download/contextbatch/js/_super/batch.js?locale=en-US:2852:304) @ https://wiki.one.int.sap/wiki/s/92d2c4742cba354172eb1affa02efacd-CDN/-23x24x/9116/n2r6gc/1bfa1eaa8b04ae6d4124fc3e33a6146f/_/download/contextbatch/js/_super/batch.js?locale=en-US:2576
[    2531ms] [WARNING] DEPRECATED undefined - AJS.params has been deprecated since 9.0.0 and will be removed in 10.0.0.  
     at HTMLMetaElement.<anonymous> (https://wiki.one.int.sap/wiki/s/92d2c4742cba354172eb1affa02efacd-CDN/-23x24x/9116/n2r6gc/1bfa1eaa8b04ae6d4124fc3e33a6146f/_/download/contextbatch/js/_super/batch.js?locale=en-US:2852:304) @ https://wiki.one.int.sap/wiki/s/92d2c4742cba354172eb1affa02efacd-CDN/-23x24x/9116/n2r6gc/1bfa1eaa8b04ae6d4124fc3e33a6146f/_/download/contextbatch/js/_super/batch.js?locale=en-US:2576
[    2531ms] [WARNING] DEPRECATED undefined - AJS.params has been deprecated since 9.0.0 and will be removed in 10.0.0.  
     at HTMLMetaElement.<anonymous> (https://wiki.one.int.sap/wiki/s/92d2c4742cba354172eb1affa02efacd-CDN/-23x24x/9116/n2r6gc/1bfa1eaa8b04ae6d4124fc3e33a6146f/_/download/contextbatch/js/_super/batch.js?locale=en-US:2852:304) @ https://wiki.one.int.sap/wiki/s/92d2c4742cba354172eb1affa02efacd-CDN/-23x24x/9116/n2r6gc/1bfa1eaa8b04ae6d4124fc3e33a6146f/_/download/contextbatch/js/_super/batch.js?locale=en-US:2576
[    2531ms] [WARNING] DEPRECATED undefined - AJS.params has been deprecated since 9.0.0 and will be removed in 10.0.0.  
     at HTMLMetaElement.<anonymous> (https://wiki.one.int.sap/wiki/s/92d2c4742cba354172eb1affa02efacd-CDN/-23x24x/9116/n2r6gc/1bfa1eaa8b04ae6d4124fc3e33a6146f/_/download/contextbatch/js/_super/batch.js?locale=en-US:2852:304) @ https://wiki.one.int.sap/wiki/s/92d2c4742cba354172eb1affa02efacd-CDN/-23x24x/9116/n2r6gc/1bfa1eaa8b04ae6d4124fc3e33a6146f/_/download/contextbatch/js/_super/batch.js?locale=en-US:2576
[    2531ms] [WARNING] DEPRECATED undefined - AJS.params has been deprecated since 9.0.0 and will be removed in 10.0.0.  
     at HTMLMetaElement.<anonymous> (https://wiki.one.int.sap/wiki/s/92d2c4742cba354172eb1affa02efacd-CDN/-23x24x/9116/n2r6gc/1bfa1eaa8b04ae6d4124fc3e33a6146f/_/download/contextbatch/js/_super/batch.js?locale=en-US:2852:304) @ https://wiki.one.int.sap/wiki/s/92d2c4742cba354172eb1affa02efacd-CDN/-23x24x/9116/n2r6gc/1bfa1eaa8b04ae6d4124fc3e33a6146f/_/download/contextbatch/js/_super/batch.js?locale=en-US:2576
[    2531ms] [WARNING] DEPRECATED undefined - AJS.params has been deprecated since 9.0.0 and will be removed in 10.0.0.  
     at HTMLMetaElement.<anonymous> (https://wiki.one.int.sap/wiki/s/92d2c4742cba354172eb1affa02efacd-CDN/-23x24x/9116/n2r6gc/1bfa1eaa8b04ae6d4124fc3e33a6146f/_/download/contextbatch/js/_super/batch.js?locale=en-US:2852:304) @ https://wiki.one.int.sap/wiki/s/92d2c4742cba354172eb1affa02efacd-CDN/-23x24x/9116/n2r6gc/1bfa1eaa8b04ae6d4124fc3e33a6146f/_/download/contextbatch/js/_super/batch.js?locale=en-US:2576
[    2531ms] [WARNING] DEPRECATED undefined - AJS.params has been deprecated since 9.0.0 and will be removed in 10.0.0.  
     at HTMLMetaElement.<anonymous> (https://wiki.one.int.sap/wiki/s/92d2c4742cba354172eb1affa02efacd-CDN/-23x24x/9116/n2r6gc/1bfa1eaa8b04ae6d4124fc3e33a6146f/_/download/contextbatch/js/_super/batch.js?locale=en-US:2852:304) @ https://wiki.one.int.sap/wiki/s/92d2c4742cba354172eb1affa02efacd-CDN/-23x24x/9116/n2r6gc/1bfa1eaa8b04ae6d4124fc3e33a6146f/_/download/contextbatch/js/_super/batch.js?locale=en-US:2576
[    2531ms] [WARNING] DEPRECATED undefined - AJS.params has been deprecated since 9.0.0 and will be removed in 10.0.0.  
     at HTMLMetaElement.<anonymous> (https://wiki.one.int.sap/wiki/s/92d2c4742cba354172eb1affa02efacd-CDN/-23x24x/9116/n2r6gc/1bfa1eaa8b04ae6d4124fc3e33a6146f/_/download/contextbatch/js/_super/batch.js?locale=en-US:2852:304) @ https://wiki.one.int.sap/wiki/s/92d2c4742cba354172eb1affa02efacd-CDN/-23x24x/9116/n2r6gc/1bfa1eaa8b04ae6d4124fc3e33a6146f/_/download/contextbatch/js/_super/batch.js?locale=en-US:2576
[    2531ms] [WARNING] DEPRECATED undefined - AJS.params has been deprecated since 9.0.0 and will be removed in 10.0.0.  
     at HTMLMetaElement.<anonymous> (https://wiki.one.int.sap/wiki/s/92d2c4742cba354172eb1affa02efacd-CDN/-23x24x/9116/n2r6gc/1bfa1eaa8b04ae6d4124fc3e33a6146f/_/download/contextbatch/js/_super/batch.js?locale=en-US:2852:304) @ https://wiki.one.int.sap/wiki/s/92d2c4742cba354172eb1affa02efacd-CDN/-23x24x/9116/n2r6gc/1bfa1eaa8b04ae6d4124fc3e33a6146f/_/download/contextbatch/js/_super/batch.js?locale=en-US:2576
[    2531ms] [WARNING] DEPRECATED undefined - AJS.params has been deprecated since 9.0.0 and will be removed in 10.0.0.  
     at HTMLMetaElement.<anonymous> (https://wiki.one.int.sap/wiki/s/92d2c4742cba354172eb1affa02efacd-CDN/-23x24x/9116/n2r6gc/1bfa1eaa8b04ae6d4124fc3e33a6146f/_/download/contextbatch/js/_super/batch.js?locale=en-US:2852:304) @ https://wiki.one.int.sap/wiki/s/92d2c4742cba354172eb1affa02efacd-CDN/-23x24x/9116/n2r6gc/1bfa1eaa8b04ae6d4124fc3e33a6146f/_/download/contextbatch/js/_super/batch.js?locale=en-US:2576
[    2531ms] [WARNING] DEPRECATED undefined - AJS.params has been deprecated since 9.0.0 and will be removed in 10.0.0.  
     at HTMLMetaElement.<anonymous> (https://wiki.one.int.sap/wiki/s/92d2c4742cba354172eb1affa02efacd-CDN/-23x24x/9116/n2r6gc/1bfa1eaa8b04ae6d4124fc3e33a6146f/_/download/contextbatch/js/_super/batch.js?locale=en-US:2852:304) @ https://wiki.one.int.sap/wiki/s/92d2c4742cba354172eb1affa02efacd-CDN/-23x24x/9116/n2r6gc/1bfa1eaa8b04ae6d4124fc3e33a6146f/_/download/contextbatch/js/_super/batch.js?locale=en-US:2576
[    2531ms] [WARNING] DEPRECATED undefined - AJS.params has been deprecated since 9.0.0 and will be removed in 10.0.0.  
     at HTMLMetaElement.<anonymous> (https://wiki.one.int.sap/wiki/s/92d2c4742cba354172eb1affa02efacd-CDN/-23x24x/9116/n2r6gc/1bfa1eaa8b04ae6d4124fc3e33a6146f/_/download/contextbatch/js/_super/batch.js?locale=en-US:2852:304) @ https://wiki.one.int.sap/wiki/s/92d2c4742cba354172eb1affa02efacd-CDN/-23x24x/9116/n2r6gc/1bfa1eaa8b04ae6d4124fc3e33a6146f/_/download/contextbatch/js/_super/batch.js?locale=en-US:2576
[    2531ms] [WARNING] DEPRECATED undefined - AJS.params has been deprecated since 9.0.0 and will be removed in 10.0.0.  
     at HTMLMetaElement.<anonymous> (https://wiki.one.int.sap/wiki/s/92d2c4742cba354172eb1affa02efacd-CDN/-23x24x/9116/n2r6gc/1bfa1eaa8b04ae6d4124fc3e33a6146f/_/download/contextbatch/js/_super/batch.js?locale=en-US:2852:304) @ https://wiki.one.int.sap/wiki/s/92d2c4742cba354172eb1affa02efacd-CDN/-23x24x/9116/n2r6gc/1bfa1eaa8b04ae6d4124fc3e33a6146f/_/download/contextbatch/js/_super/batch.js?locale=en-US:2576
[    2531ms] [WARNING] DEPRECATED undefined - AJS.params has been deprecated since 9.0.0 and will be removed in 10.0.0.  
     at HTMLMetaElement.<anonymous> (https://wiki.one.int.sap/wiki/s/92d2c4742cba354172eb1affa02efacd-CDN/-23x24x/9116/n2r6gc/1bfa1eaa8b04ae6d4124fc3e33a6146f/_/download/contextbatch/js/_super/batch.js?locale=en-US:2852:304) @ https://wiki.one.int.sap/wiki/s/92d2c4742cba354172eb1affa02efacd-CDN/-23x24x/9116/n2r6gc/1bfa1eaa8b04ae6d4124fc3e33a6146f/_/download/contextbatch/js/_super/batch.js?locale=en-US:2576
[    2531ms] [WARNING] DEPRECATED undefined - AJS.params has been deprecated since 9.0.0 and will be removed in 10.0.0.  
     at HTMLMetaElement.<anonymous> (https://wiki.one.int.sap/wiki/s/92d2c4742cba354172eb1affa02efacd-CDN/-23x24x/9116/n2r6gc/1bfa1eaa8b04ae6d4124fc3e33a6146f/_/download/contextbatch/js/_super/batch.js?locale=en-US:2852:304) @ https://wiki.one.int.sap/wiki/s/92d2c4742cba354172eb1affa02efacd-CDN/-23x24x/9116/n2r6gc/1bfa1eaa8b04ae6d4124fc3e33a6146f/_/download/contextbatch/js/_super/batch.js?locale=en-US:2576
[    2546ms] [WARNING] DEPRECATED JS - PopulateParameters has been deprecated since 9.0.0 and will be removed in 10.0.0.  
     at HTMLDocument.<anonymous> (https://wiki.one.int.sap/wiki/s/92d2c4742cba354172eb1affa02efacd-CDN/-23x24x/9116/n2r6gc/1bfa1eaa8b04ae6d4124fc3e33a6146f/_/download/contextbatch/js/_super/batch.js?locale=en-US:2682:988) @ https://wiki.one.int.sap/wiki/s/92d2c4742cba354172eb1affa02efacd-CDN/-23x24x/9116/n2r6gc/1bfa1eaa8b04ae6d4124fc3e33a6146f/_/download/contextbatch/js/_super/batch.js?locale=en-US:2576
[    2551ms] [WARNING] DEPRECATED JS - Dialog has been deprecated since 6.0.6 and will be removed in a future release. Use require('confluence-create-content/space-blueprint')  
     at https://wiki.one.int.sap/wiki/s/92d2c4742cba354172eb1affa02efacd-CDN/-23x24x/9116/n2r6gc/1bfa1eaa8b04ae6d4124fc3e33a6146f/_/download/contextbatch/js/_super/batch.js?locale=en-US:3634:56 @ https://wiki.one.int.sap/wiki/s/92d2c4742cba354172eb1affa02efacd-CDN/-23x24x/9116/n2r6gc/1bfa1eaa8b04ae6d4124fc3e33a6146f/_/download/contextbatch/js/_super/batch.js?locale=en-US:2576
[    2791ms] [LOG] [WRM] [handler] Downloading resources [js!/wiki/s/61f4ec5c93800775c916150d1014c62f-CDN/-2…sian.auiplugin:7498,-_super/batch.js?locale=en-US] @ https://wiki.one.int.sap/wiki/s/92d2c4742cba354172eb1affa02efacd-CDN/-23x24x/9116/n2r6gc/1bfa1eaa8b04ae6d4124fc3e33a6146f/_/download/contextbatch/js/_super/batch.js?locale=en-US:21
